FIT monitor v2 starting...
# version=2 sample_rate=500 window=256 hop=64 hpf=20 notch=50 lpf=150
# LIVE,t_ms,ac,rms,mav,wl,zc,ssc,zcr_x1k,fatigue,alert,emg_phase,emg_status,mot_phase,angle_x10,active,ax,ay,az,gx,gy,gz
CAL,REST_BEGIN
MPU,CALIBRATED,base_angle_x10=10,bias=(50,30,-20)
CAL,REST_READY,rest_rms=120,rest_mav=98,rest_wl=18000,rest_zc=2,rest_ssc=4,zc_th=350,ssc_th=480,active_th=3000
CAL,ACTIVE_READY,base_rms=820,base_mav=750,base_wl=160000,base_zc=18,base_ssc=42
LIVE,0,-358,95,78,14253,1,1,3,0,0,RUN,REST,STAND,5.0,0,319,-16531,192,2227,3537,524
LIVE,50,-277,108,93,12260,0,0,0,0,0,RUN,REST,STAND,16.16666666666667,0,381,-16319,116,-3799,655,-2358
LIVE,100,328,1965,1858,77223,13,23,50,0,0,RUN,OK,DESC,65.33333333333334,1,1667,-16089,325,-2620,1834,-393
LIVE,150,-406,1623,1584,77055,11,18,42,0,0,RUN,OK,DESC,82.5,1,2344,-16365,-133,3144,-1048,1048
LIVE,200,496,1530,1344,85054,14,18,54,0,0,RUN,OK,DESC,109.66666666666669,1,3109,-16244,65,-1572,3013,1310
LIVE,250,177,1817,1670,76300,7,16,27,0,0,RUN,OK,DESC,149.83333333333334,1,4151,-15631,-204,-3275,3144,-2096
LIVE,300,-334,1500,1403,79108,13,26,50,0,0,RUN,OK,DESC,187.0,1,5241,-15538,-286,1572,-1703,1834
LIVE,350,-333,1528,1373,90806,8,22,31,0,0,RUN,OK,DESC,218.16666666666669,1,6124,-15216,-224,3799,1310,1834
LIVE,400,341,1699,1524,80626,6,22,23,0,0,RUN,OK,DESC,235.33333333333337,1,6357,-15060,-90,-1703,-3406,-2227
LIVE,450,-95,2063,1880,80311,9,30,35,0,0,RUN,OK,DESC,276.5,1,7732,-14478,-354,-1834,-2882,-1965
LIVE,500,-130,2011,1874,78609,12,27,46,0,0,RUN,OK,DESC,299.6666666666667,1,8095,-14323,21,131,-3275,2358
LIVE,550,110,1451,1412,90560,8,28,31,0,0,RUN,OK,DESC,306.83333333333337,1,8192,-14093,-110,1048,-131,393
LIVE,600,287,1868,1866,92291,7,23,27,0,0,RUN,OK,BOT,343,1,9360,-13560,-386,-1572,-393,-2620
LIVE,650,19,1487,1303,98699,10,20,39,0,0,RUN,OK,BOT,349,1,9228,-13317,-195,3013,1310,262
LIVE,700,476,99,81,15063,1,4,3,0,0,RUN,REST,BOT,354,0,9688,-13284,440,-3930,1048,-1310
LIVE,750,-441,98,75,14973,2,1,7,0,0,RUN,REST,BOT,350,0,9320,-13330,469,-3275,-3275,2096
LIVE,800,175,97,101,16363,1,1,3,0,0,RUN,REST,BOT,350,0,9440,-13339,-331,-1834,393,3275
LIVE,850,-181,125,88,13735,1,5,3,0,0,RUN,REST,BOT,354,0,9494,-13212,165,-917,-262,3537
LIVE,900,-154,98,89,14030,1,0,3,0,0,RUN,REST,BOT,351,0,9230,-13303,67,-2096,917,-2096
LIVE,950,-431,1553,1372,90679,6,22,23,0,0,RUN,OK,DESC,335,1,8858,-13693,-428,262,-1965,-1703
LIVE,1000,457,101,90,16417,1,5,3,0,0,RUN,REST,BOT,356.0,0,9629,-13226,-16,-1965,2620,0
LIVE,1050,-138,1764,1716,73090,7,28,27,0,0,RUN,OK,ASC,330.8333333333333,1,8959,-13717,-22,3275,2096,-3537
LIVE,1100,-246,1415,1400,83193,11,18,42,0,0,RUN,OK,ASC,297.66666666666663,1,8032,-14325,49,-262,-2882,-393
LIVE,1150,327,1703,1585,78185,7,29,27,0,0,RUN,OK,ASC,252.50000000000006,1,7069,-14968,-449,1441,524,3013
LIVE,1200,-84,1587,1395,97810,9,20,35,0,0,RUN,OK,ASC,218.33333333333337,1,6141,-15162,-282,3275,-655,3537
LIVE,1250,448,1565,1468,70070,12,23,46,0,0,RUN,OK,ASC,190.16666666666666,1,5370,-15543,-67,1834,2096,2620
LIVE,1300,491,1837,1798,76222,10,21,39,0,0,RUN,OK,ASC,176.99999999999997,1,4810,-15512,253,524,-3537,2227
LIVE,1350,-442,1370,1358,89142,13,20,50,0,0,RUN,OK,ASC,140.8333333333333,1,4046,-16050,371,-2489,-3406,1048
LIVE,1400,134,1643,1540,73928,9,16,35,0,0,RUN,OK,ASC,103.66666666666671,1,2789,-16102,173,917,786,393
LIVE,1450,-229,1619,1567,91945,11,22,42,0,0,RUN,OK,ASC,82.5,1,2352,-16347,187,1441,-1441,-131
LIVE,1500,50,1376,1374,85017,7,17,27,0,0,RUN,OK,ASC,53.333333333333314,1,1431,-16254,-229,-2882,3799,-1048
LIVE,1550,-52,1432,1370,82108,10,20,39,0,0,RUN,OK,ASC,42.16666666666663,1,1282,-16179,-191,1179,2751,1441
LIVE,1600,-394,116,75,16543,2,5,7,0,0,RUN,REST,STAND,1,0,-104,-16448,-382,3406,-3144,2227
LIVE,1650,-149,103,79,14308,1,5,3,0,0,RUN,REST,STAND,2,0,-39,-16232,149,3144,-1834,262
LIVE,1700,-67,123,83,12416,0,5,0,0,0,RUN,REST,STAND,0,0,-59,-16562,-497,-1179,2489,-2882
LIVE,1750,-491,100,83,15619,3,4,11,0,0,RUN,REST,STAND,5,0,-1,-16545,467,3406,1834,3537
LIVE,1800,-370,96,92,15024,1,3,3,0,0,RUN,REST,STAND,-11,0,-493,-16423,-127,3537,3799,2620
LIVE,1850,-245,123,76,14931,1,5,3,0,0,RUN,REST,STAND,12,0,484,-16528,-138,2489,655,3406
LIVE,1900,499,114,88,13266,1,1,3,0,0,RUN,REST,STAND,12,0,233,-16369,-475,-2489,2227,3799
LIVE,1950,-337,124,100,15372,1,2,3,0,0,RUN,REST,STAND,-5,0,17,-16528,-109,3275,-3668,3144
LIVE,2000,340,101,82,15770,2,2,7,0,0,RUN,REST,STAND,0.0,0,-84,-16470,-476,1572,-2358,-655
LIVE,2050,156,122,83,12568,2,2,7,0,0,RUN,REST,STAND,24.166666666666565,0,750,-16365,195,3013,524,-1179
LIVE,2100,94,1357,1328,98738,10,20,39,0,0,RUN,OK,DESC,73.33333333333339,1,2026,-16430,-389,1048,-393,-1048
LIVE,2150,-106,1732,1621,89864,14,18,54,0,0,RUN,OK,DESC,95.49999999999996,1,2813,-16259,-240,-3668,1965,-393
LIVE,2200,-59,1969,1832,92506,9,26,35,0,0,RUN,OK,DESC,101.66666666666677,1,2726,-15986,442,-1179,1179,-1310
LIVE,2250,182,1611,1427,99492,10,24,39,0,0,RUN,OK,DESC,151.83333333333334,1,4300,-15845,-88,1834,-1572,655
LIVE,2300,130,1603,1496,91788,12,20,46,0,0,RUN,OK,DESC,163.99999999999991,1,4716,-15763,-85,655,3013,-3930
LIVE,2350,-48,1646,1593,84086,11,29,42,0,0,RUN,OK,DESC,198.1666666666667,1,5580,-15268,-282,262,0,2620
LIVE,2400,-405,1641,1473,72778,10,25,39,0,0,RUN,OK,DESC,246.3333333333333,1,7013,-14972,188,-1441,-2096,2751
LIVE,2450,125,1456,1450,71514,9,30,35,0,0,RUN,OK,DESC,253.5000000000001,1,7207,-14969,-34,-524,3406,1310
LIVE,2500,-91,1682,1499,92818,12,30,46,0,0,RUN,OK,DESC,294.6666666666667,1,7983,-14389,171,1834,-3930,3537
LIVE,2550,323,1608,1409,83931,9,20,35,0,0,RUN,OK,DESC,329.83333333333326,1,9075,-13678,-25,-3537,655,-1965
LIVE,2600,183,98,102,15739,1,3,3,0,0,RUN,REST,BOT,364,0,9793,-13101,109,-1310,3930,2358
LIVE,2650,-44,114,89,17892,3,4,11,0,0,RUN,REST,BOT,363,0,9580,-13024,382,0,-262,-1834
LIVE,2700,-4,121,82,17223,2,4,7,0,0,RUN,REST,BOT,359,0,9727,-13349,-219,-262,-3406,1965
LIVE,2750,-359,1609,1540,81005,11,17,42,0,0,RUN,OK,BOT,344,1,9133,-13600,-108,1834,-2751,1965
LIVE,2800,-75,1471,1365,83356,11,29,42,0,0,RUN,OK,BOT,341,1,9016,-13661,352,-524,-786,3537
LIVE,2850,-111,125,93,17697,0,4,0,0,0,RUN,REST,BOT,359,0,9651,-13468,465,-1048,-1441,2358
LIVE,2900,-1,1866,1729,94494,14,22,54,0,0,RUN,OK,BOT,347,1,9239,-13531,-54,131,-3799,-786
LIVE,2950,137,1899,1714,75408,13,19,50,0,0,RUN,OK,BOT,345,1,9352,-13689,428,-655,917,786
LIVE,3000,387,97,75,17265,3,1,11,0,0,RUN,REST,BOT,356.0,0,9573,-13428,-449,-1834,-786,-1310
LIVE,3050,270,1848,1765,81059,12,23,46,0,0,RUN,OK,ASC,311.8333333333334,1,8498,-14087,354,-3275,0,-3799
LIVE,3100,299,1865,1852,81467,9,17,35,0,0,RUN,OK,ASC,299.66666666666663,1,8316,-14373,272,-3799,3930,-1965
LIVE,3150,-16,1479,1320,74993,9,19,35,0,0,RUN,OK,ASC,253.50000000000006,1,7156,-14948,77,3930,-2227,-131
LIVE,3200,296,1758,1562,82087,8,18,31,0,0,RUN,OK,ASC,240.33333333333323,1,6555,-15004,-390,917,-3799,3799
LIVE,3250,464,2062,1889,99754,12,27,46,0,0,RUN,OK,ASC,198.16666666666666,1,5720,-15512,-423,917,1834,3013
LIVE,3300,315,1574,1548,92845,10,18,39,0,0,RUN,OK,ASC,180.00000000000009,1,5151,-15382,-458,-1048,524,-393
LIVE,3350,369,1696,1679,86579,11,15,42,0,0,RUN,OK,ASC,151.8333333333333,1,4306,-15762,-392,-393,-917,1310
LIVE,3400,251,1951,1770,75013,12,20,46,0,0,RUN,OK,ASC,129.6666666666667,1,3743,-15833,-224,1179,2751,3668
LIVE,3450,372,1914,1795,84272,10,25,39,0,0,RUN,OK,ASC,89.49999999999989,1,2473,-16340,-215,3406,-262,-1965
LIVE,3500,-471,1920,1775,89999,12,25,46,0,0,RUN,OK,ASC,67.33333333333331,1,1973,-16304,-314,131,-2227,-1048
LIVE,3550,29,1651,1564,79163,10,15,39,0,0,RUN,OK,ASC,39.16666666666674,1,1016,-16502,-253,2096,-524,131
LIVE,3600,228,102,99,17657,3,5,11,0,0,RUN,REST,STAND,2,0,108,-16354,311,-3799,-3275,-1572
LIVE,3650,95,117,87,13993,2,5,7,0,0,RUN,REST,STAND,-8,0,-240,-16340,66,393,-1048,-393
LIVE,3700,-187,105,92,14882,3,2,11,0,0,RUN,REST,STAND,8,0,156,-16464,-377,2096,-2358,-1310
LIVE,3750,-279,112,98,17653,1,1,3,0,0,RUN,REST,STAND,-12,0,-165,-16333,-217,2096,917,2358
LIVE,3800,-268,104,94,12823,1,2,3,0,0,RUN,REST,STAND,1,0,12,-16492,-191,-3930,1965,524
LIVE,3850,466,96,83,12446,2,5,7,0,0,RUN,REST,STAND,-11,0,-450,-16254,389,2358,131,-3144
LIVE,3900,-49,113,75,14329,3,3,11,0,0,RUN,REST,STAND,12,0,317,-16486,488,-3537,-1834,3930
LIVE,3950,-425,98,90,12535,3,3,11,0,0,RUN,REST,STAND,12,0,438,-16258,202,-3537,-2751,-2751
LIVE,4000,-379,125,93,14489,0,1,0,0,0,RUN,REST,STAND,10.0,0,370,-16190,-74,1048,1048,2620
LIVE,4050,430,1729,1531,87123,12,29,46,0,0,RUN,OK,DESC,33.166666666666565,1,973,-16404,380,917,-393,-1441
LIVE,4100,140,1517,1361,94251,7,21,27,0,0,RUN,OK,DESC,61.33333333333313,1,1658,-16355,176,-3275,-2620,-1965
LIVE,4150,-39,1884,1865,75129,6,28,23,0,0,RUN,OK,DESC,77.50000000000021,1,2361,-16130,-19,-1572,-3668,-2096
LIVE,4200,203,1768,1589,98167,13,17,50,0,0,RUN,OK,DESC,110.66666666666677,1,3063,-16144,306,2620,1310,917
LIVE,4250,163,1610,1502,73760,14,22,54,0,0,RUN,OK,DESC,151.83333333333334,1,4167,-15876,346,-2751,-3406,-3537
LIVE,4300,-373,1766,1614,94541,10,29,39,0,0,RUN,OK,DESC,164.99999999999991,1,4692,-15557,-189,1834,-655,3930
LIVE,4350,112,1950,1812,86180,13,17,50,0,0,RUN,OK,DESC,197.1666666666665,1,5347,-15402,252,-1310,1048,-1834
LIVE,4400,90,1451,1393,92095,6,23,23,0,0,RUN,OK,DESC,218.33333333333354,1,5913,-15018,274,-2489,0,393
LIVE,4450,492,1823,1752,75947,12,30,46,0,0,RUN,OK,DESC,267.5000000000001,1,7220,-14590,-144,-524,-1179,-1310
LIVE,4500,-205,1448,1407,80807,12,30,46,0,0,RUN,OK,DESC,297.6666666666667,1,8273,-14217,333,2358,655,-3668
LIVE,4550,493,1470,1390,78270,11,18,42,0,0,RUN,OK,DESC,319.83333333333326,1,8873,-13890,385,262,2882,-3930
LIVE,4600,-308,112,102,15784,3,0,11,0,0,RUN,REST,BOT,355.99999999999983,0,9602,-13336,137,2358,131,1310
LIVE,4650,449,1404,1352,78750,14,19,54,0,0,RUN,OK,BOT,349,1,9321,-13413,401,1834,131,-3013
LIVE,4700,65,1726,1545,75189,10,15,39,0,0,RUN,OK,DESC,335,1,9050,-13815,-270,3013,3668,-3013
LIVE,4750,455,1585,1420,97267,8,30,31,0,0,RUN,OK,BOT,349,1,9540,-13488,21,1965,-1703,-524
LIVE,4800,-352,110,90,13996,3,4,11,0,0,RUN,REST,BOT,361,0,9649,-13341,443,1048,262,2227
LIVE,4850,-152,122,79,12571,2,3,7,0,0,RUN,REST,BOT,363,0,9758,-13268,340,-3930,-1572,2096
LIVE,4900,51,2061,1893,86044,8,29,31,0,0,RUN,OK,BOT,344,1,9303,-13542,-160,655,2358,524
LIVE,4950,85,1848,1766,98495,9,22,35,0,0,RUN,OK,BOT,347,1,9323,-13551,376,2489,-524,-3668
LIVE,5000,179,1964,1784,99931,12,27,46,0,0,RUN,OK,BOT,345.0,1,9412,-13625,7,-3668,-2882,262
LIVE,5050,38,1664,1639,98645,13,18,50,0,0,RUN,OK,ASC,335.8333333333334,1,9095,-13842,239,-2751,-524,3275
LIVE,5100,138,1477,1458,85384,10,25,39,0,0,RUN,OK,ASC,296.66666666666686,1,8263,-14233,165,-3275,3144,-1179
LIVE,5150,132,1943,1846,80376,13,16,50,0,0,RUN,OK,ASC,274.4999999999998,1,7387,-14619,146,1703,3668,-1572
LIVE,5200,-330,1503,1392,73225,7,29,27,0,0,RUN,OK,ASC,225.33333333333323,1,6433,-15180,425,-3799,-3668,-1310
LIVE,5250,-351,1432,1357,81746,11,28,42,0,0,RUN,OK,ASC,214.16666666666666,1,5907,-15181,-79,786,1703,2620
LIVE,5300,9,1518,1474,72587,12,22,46,0,0,RUN,OK,ASC,165.00000000000009,1,4751,-15836,-263,-131,1310,-1834
LIVE,5350,193,1731,1561,70307,13,24,50,0,0,RUN,OK,ASC,144.8333333333335,1,4176,-15983,-425,-262,3930,-1048
LIVE,5400,365,1769,1606,83903,10,29,39,0,0,RUN,OK,ASC,119.66666666666646,1,3351,-16126,-107,3144,0,-3144
LIVE,5450,-478,1836,1690,81762,10,24,39,0,0,RUN,OK,ASC,79.49999999999989,1,2403,-16224,-219,-3930,786,3275
LIVE,5500,294,1505,1350,94417,13,24,50,0,0,RUN,OK,ASC,64.33333333333331,1,1752,-16170,321,-1048,-2096,1310
LIVE,5550,-401,103,94,17552,1,5,3,0,0,RUN,REST,STAND,20.166666666666742,0,697,-16243,-460,-1441,2620,-262
LIVE,5600,431,106,93,17999,1,0,3,0,0,RUN,REST,STAND,-13.99999999999983,0,-449,-16412,265,-524,-2489,-2358
LIVE,5650,-237,112,100,14997,2,1,7,0,0,RUN,REST,STAND,-11,0,-268,-16429,264,3275,-1179,2751
LIVE,5700,380,125,89,12616,1,1,3,0,0,RUN,REST,STAND,-12,0,-197,-16210,190,-655,3144,2751
LIVE,5750,49,97,86,15232,0,2,0,0,0,RUN,REST,STAND,2,0,-80,-16351,-123,1703,2227,1703
LIVE,5800,191,107,93,17230,2,0,7,0,0,RUN,REST,STAND,-7,0,-281,-16341,-475,1179,3406,3930
LIVE,5850,-436,124,85,16997,1,5,3,0,0,RUN,REST,STAND,2,0,182,-16346,431,1834,-1441,1441
LIVE,5900,4,99,78,12371,0,2,0,0,0,RUN,REST,STAND,-2,0,-198,-16534,-260,3406,524,-2882
LIVE,5950,260,106,89,17492,3,4,11,0,0,RUN,REST,STAND,-3,0,87,-16504,406,-524,1441,-3144
LIVE,6000,206,114,90,15343,2,0,7,0,0,RUN,REST,STAND,11.0,0,303,-16469,-46,-262,3930,-1965
LIVE,6050,-438,1696,1671,92468,11,26,42,0,0,RUN,OK,DESC,41.166666666666565,1,1179,-16400,-306,-3013,3930,3144
LIVE,6100,-449,1788,1765,91717,9,15,35,0,0,RUN,OK,DESC,69.33333333333313,1,1947,-16340,-372,2620,786,-2227
LIVE,6150,-164,1920,1867,89214,9,22,35,0,0,RUN,OK,DESC,74.50000000000021,1,2320,-16370,307,3537,1048,-3930
LIVE,6200,-388,1481,1448,87701,10,20,39,0,0,RUN,OK,DESC,109.66666666666677,1,3254,-16271,-366,-3930,-1048,2620
LIVE,6250,-229,1693,1543,80609,6,20,23,0,0,RUN,OK,DESC,155.83333333333334,1,4227,-15917,259,-524,393,-3013
LIVE,6300,-38,1486,1365,84689,11,18,42,0,0,RUN,OK,DESC,182.99999999999991,1,5201,-15642,468,1179,-3668,2096
LIVE,6350,-10,1910,1833,85009,6,16,23,0,0,RUN,OK,DESC,214.1666666666665,1,5987,-15234,202,-3144,131,1965
LIVE,6400,122,1772,1754,99467,7,25,27,0,0,RUN,OK,DESC,247.33333333333354,1,6729,-15048,-371,-1703,1179,1310
LIVE,6450,-36,2043,1861,80655,12,24,46,0,0,RUN,OK,DESC,265.5000000000001,1,7381,-14547,-60,-3144,2620,1834
LIVE,6500,-38,2048,1864,98360,9,28,35,0,0,RUN,OK,DESC,279.6666666666667,1,7599,-14459,-153,2882,-131,-655
LIVE,6550,-117,1477,1397,83984,11,23,42,0,0,RUN,OK,DESC,318.83333333333326,1,8531,-13761,445,0,-3406,-3275
LIVE,6600,256,97,77,15537,0,5,0,0,0,RUN,REST,BOT,360.99999999999983,0,9643,-13372,69,-3537,917,655
LIVE,6650,394,116,85,13001,3,2,11,0,0,RUN,REST,BOT,352,0,9584,-13204,-67,3275,3668,2096
LIVE,6700,91,1747,1594,80238,11,18,42,0,0,RUN,OK,DESC,336,1,9125,-13738,-342,1572,0,-2096
LIVE,6750,280,106,78,16556,2,0,7,0,0,RUN,REST,BOT,362,0,9618,-13128,-269,2751,-393,3144
LIVE,6800,451,121,99,17093,0,4,0,0,0,RUN,REST,BOT,352,0,9580,-13233,-227,-3799,-2489,-1703
LIVE,6850,-315,104,99,14783,2,0,7,0,0,RUN,REST,BOT,357,0,9433,-13216,173,-655,-3406,-2751
LIVE,6900,-71,95,95,12751,1,3,3,0,0,RUN,REST,BOT,358,0,9615,-13314,-339,-917,-1441,2096
LIVE,6950,-339,2033,1881,72783,6,19,23,0,0,RUN,OK,BOT,345,1,9465,-13386,-450,1703,-3275,-1703
LIVE,7000,-221,1858,1734,89892,13,28,50,0,0,RUN,OK,BOT,349.0,1,9284,-13251,24,-3013,-1048,-393
LIVE,7050,-454,1763,1590,92232,13,24,50,0,0,RUN,OK,ASC,308.8333333333334,1,8321,-14058,113,-3537,-3930,-2227
LIVE,7100,-165,1712,1516,74496,10,24,39,0,0,RUN,OK,ASC,285.66666666666686,1,7695,-14586,9,2227,-393,-2489
LIVE,7150,-427,1825,1689,93057,9,26,35,0,0,RUN,OK,ASC,251.49999999999977,1,6966,-14651,-457,-393,-3799,-131
LIVE,7200,226,1459,1379,88866,12,27,46,0,0,RUN,OK,ASC,247.33333333333323,1,6981,-14868,-204,-3013,-655,-3799
LIVE,7250,-410,1675,1632,96257,13,26,50,0,0,RUN,OK,ASC,219.16666666666666,1,6138,-15345,-251,-393,917,-655
LIVE,7300,-274,1481,1380,98525,10,25,39,0,0,RUN,OK,ASC,176.00000000000009,1,4924,-15419,-328,-3406,262,1310
LIVE,7350,244,1973,1843,76353,11,26,42,0,0,RUN,OK,ASC,133.8333333333335,1,3922,-16064,-259,-3144,-2751,-1834
LIVE,7400,474,1631,1477,75009,7,20,27,0,0,RUN,OK,ASC,107.66666666666646,1,3255,-15974,5,-131,2358,786
LIVE,7450,-346,2007,1893,92319,11,25,42,0,0,RUN,OK,ASC,96.49999999999989,1,2771,-16318,-20,-262,1310,-1441
LIVE,7500,-183,1732,1581,71840,11,17,42,0,0,RUN,OK,ASC,68.33333333333331,1,1985,-16236,-462,-3537,-917,3013
LIVE,7550,94,115,77,12739,3,3,11,0,0,RUN,REST,STAND,23.166666666666742,0,745,-16192,417,-3668,-262,3668
LIVE,7600,-13,115,93,13542,2,4,7,0,0,RUN,REST,STAND,10.00000000000017,0,341,-16504,480,-3537,-262,-3144
LIVE,7650,161,121,103,14813,0,4,0,0,0,RUN,REST,STAND,10,0,173,-16561,-247,1965,-262,-262
LIVE,7700,439,114,91,13300,2,2,7,0,0,RUN,REST,STAND,1,0,-28,-16385,-82,2489,-1179,1703
LIVE,7750,-163,120,76,17168,2,0,7,0,0,RUN,REST,STAND,4,0,-38,-16298,194,-786,-1572,-1834
LIVE,7800,-417,116,102,16937,1,2,3,0,0,RUN,REST,STAND,8,0,326,-16243,-356,3668,-1048,-1441
LIVE,7850,109,117,95,17424,3,1,11,0,0,RUN,REST,STAND,15,0,590,-16535,-183,655,-786,1441
LIVE,7900,186,121,85,13046,0,5,0,0,0,RUN,REST,STAND,10,0,301,-16321,-130,-3799,-917,-1441
LIVE,7950,-269,101,105,14799,3,1,11,0,0,RUN,REST,STAND,-10,0,-415,-16502,-421,-1572,3144,2620
LIVE,8000,-156,119,91,16421,0,5,0,0,0,RUN,REST,STAND,-12.0,0,-151,-16264,-366,1048,-786,-2751
LIVE,8050,-52,121,80,17675,1,5,3,0,0,RUN,REST,STAND,19.166666666667084,0,369,-16364,-127,1703,2096,-1965
LIVE,8100,46,1783,1591,94528,13,22,50,0,0,RUN,OK,DESC,57.33333333333313,1,1558,-16344,488,2751,2620,0
LIVE,8150,287,1592,1498,92226,13,29,50,0,0,RUN,OK,DESC,100.50000000000021,1,2803,-15934,-109,262,393,-524
LIVE,8200,-447,1516,1465,96255,8,23,31,0,0,RUN,OK,DESC,131.66666666666626,1,3860,-15907,395,-917,655,3799
LIVE,8250,-221,1859,1828,79340,7,20,27,0,0,RUN,OK,DESC,133.83333333333334,1,3822,-15877,-350,3013,-393,-3275
LIVE,8300,-76,1642,1527,98987,11,15,42,0,0,RUN,OK,DESC,190.00000000000043,1,5161,-15489,14,-917,-1965,-786
LIVE,8350,359,1740,1683,70923,11,18,42,0,0,RUN,OK,DESC,191.1666666666665,1,5530,-15348,-157,2620,-2751,-2882
LIVE,8400,-41,1713,1593,92808,8,30,31,0,0,RUN,OK,DESC,219.33333333333354,1,6234,-15396,427,-3275,-3799,-1834
LIVE,8450,-387,1593,1453,93830,14,28,54,0,0,RUN,OK,DESC,253.4999999999996,1,7211,-14859,-257,-1441,-3013,-3537
LIVE,8500,-387,1892,1729,96014,13,17,50,0,0,RUN,OK,DESC,283.6666666666667,1,7839,-14311,48,-3799,1310,262
LIVE,8550,-499,1730,1547,74704,10,28,39,0,0,RUN,OK,DESC,323.83333333333377,1,8888,-13856,-254,786,-524,-2489
LIVE,8600,476,97,96,16288,2,0,7,0,0,RUN,REST,BOT,355.99999999999983,0,9606,-13243,19,2620,262,655
LIVE,8650,-241,1819,1699,71426,12,26,46,0,0,RUN,OK,DESC,335,1,9224,-13854,-135,2620,-3406,-1048
LIVE,8700,-455,1603,1406,89067,11,19,42,0,0,RUN,OK,BOT,342,1,9189,-13471,-154,2882,1441,-2489
LIVE,8750,-314,116,99,15806,3,5,11,0,0,RUN,REST,BOT,361,0,9522,-13406,233,2489,3930,-131
LIVE,8800,-177,1651,1600,71435,9,16,35,0,0,RUN,OK,DESC,336,1,9024,-13583,-93,2882,524,0
LIVE,8850,-135,1529,1337,91197,9,24,35,0,0,RUN,OK,BOT,343,1,9431,-13710,386,1441,-1179,-1703
LIVE,8900,416,1787,1676,99146,12,29,46,0,0,RUN,OK,DESC,338,1,9111,-13641,497,-2489,131,1834
LIVE,8950,244,124,86,16253,2,0,7,0,0,RUN,REST,BOT,350,0,9414,-13580,-60,1048,2882,-2489
LIVE,9000,176,105,84,12840,0,2,0,0,0,RUN,REST,BOT,352.0,0,9395,-13432,-44,1048,1965,-393
LIVE,9050,129,1843,1754,84651,6,26,23,0,0,RUN,OK,ASC,310.8333333333329,1,8480,-14091,154,2620,3930,-3537
LIVE,9100,-354,1808,1715,86812,8,15,31,0,0,RUN,OK,ASC,278.66666666666686,1,7769,-14337,300,-262,-3668,-2882
LIVE,9150,-108,1740,1541,91140,11,26,42,0,0,RUN,OK,ASC,249.49999999999977,1,7001,-15038,119,-2751,1703,-262
LIVE,9200,42,1774,1679,84547,7,19,27,0,0,RUN,OK,ASC,248.33333333333374,1,6867,-14866,-179,1441,-1703,-1965
LIVE,9250,30,1422,1416,94106,8,30,31,0,0,RUN,OK,ASC,219.16666666666666,1,6113,-15112,-380,-1834,2489,-1834
LIVE,9300,-296,1810,1756,90049,10,30,39,0,0,RUN,OK,ASC,181.99999999999957,1,4979,-15695,373,-3406,-262,-2489
LIVE,9350,226,1777,1755,96558,11,26,42,0,0,RUN,OK,ASC,158.8333333333335,1,4316,-15677,55,-1572,3537,-1441
LIVE,9400,20,1643,1461,93250,8,26,31,0,0,RUN,OK,ASC,128.66666666666646,1,3562,-16110,-295,2620,-2882,-1965
LIVE,9450,-22,1811,1805,81825,14,26,54,0,0,RUN,OK,ASC,97.5000000000004,1,2856,-16281,126,3406,-3275,-3406
LIVE,9500,287,1890,1707,93555,13,28,50,0,0,RUN,OK,ASC,52.333333333333314,1,1503,-16221,-425,-2882,-1310,1441
LIVE,9550,399,109,89,17571,2,1,7,0,0,RUN,REST,STAND,16.16666666666623,0,661,-16295,155,917,-2489,2489
LIVE,9600,30,108,79,16119,0,0,0,0,0,RUN,REST,STAND,15.00000000000017,0,306,-16423,-332,-2620,-1310,3799
LIVE,9650,-244,106,82,16250,2,0,7,0,0,RUN,REST,STAND,7,0,100,-16257,479,655,-1703,-2882
LIVE,9700,156,114,84,16370,0,4,0,0,0,RUN,REST,STAND,5,0,28,-16280,464,917,-2751,-2620
LIVE,9750,-458,118,94,16957,2,4,7,0,0,RUN,REST,STAND,6,0,-15,-16542,-454,3930,1441,2489
LIVE,9800,154,115,83,13726,3,4,11,0,0,RUN,REST,STAND,3,0,-100,-16329,410,1310,524,-1572
LIVE,9850,-85,104,105,15956,1,5,3,0,0,RUN,REST,STAND,5,0,94,-16351,-426,1834,-3537,-2620
LIVE,9900,121,110,88,15804,1,2,3,0,0,RUN,REST,STAND,-1,0,-155,-16423,382,1965,-1310,2096
LIVE,9950,75,107,86,13071,2,4,7,0,0,RUN,REST,STAND,12,0,197,-16417,-253,-131,-3013,-1703